defcell buf (bool a;bool b)
{
 a=a;
 b=b;

/* instances */

/* connections */
prs {
a => _b-
_b => b-
}
}


defproc foo (bool x__0)
{
 /* nets for  -toplevel-*/
 bool u_50_6_ab;
 bool u_51_6_aa;
 bool u_51_6_ab;
 bool u_52_6_aa;
 bool u_52_6_ab;
 buf u_50_6 (x__0,u_50_6_ab);
 buf u_51_6 (u_51_6_aa,u_51_6_ab);
 buf u_52_6 (u_52_6_aa,u_52_6_ab);
}
