ERROR: File `14.act', line 12, col 5
	Type is not exported up the namespace hierarchy: baz::foo
