ERROR: File `7.act', line 4, col 8
	Name `foo' already used in a previous type definition
