ERROR: File `81.act', line 20, col 13
	Typechecking failed on expression!
	User macro `testme': arg #0 has an incompatible type
