/* instances */
bool b;
bool a;
prs {
a<0.375> -> b-
a<1.375> -> b-
a<2.375> -> b-
a<3.375> -> b-
a<4.375> -> b-
a<5.375> -> b-
a<6.375> -> b-
a<7.375> -> b-
}
