 defproc foo<4>(bool a; bool b)
{
/* instances */
prs {
a<10> -> b-
~a<5.2> -> b+
}
}
template <preal w> defproc foo(bool a; bool b)
{
/* instances */
prs {
a<2.5*w> -> b-
~a<1.3*w> -> b+
}
}
/* instances */
foo<4> f;
