ERROR: File `14.act', line 3, col 18
	Could not find specified type: myptype
