defproc test ();

defproc test ()
{

/* instances */
chan(int<32>) _splmrg6;
chan(int<32>) x[21];
chan(int<3>) _splmrg10;
chan(int<3>) _splmrg32;
chan(int<1>) _splmrg20;
chan(int<32>) _splmrg28;
chan(int<1>) _splmrg40;
chan(int<2>) _splmrg35;
chan(int<3>) _splmrg12;
chan(int<32>) _splmrg27;
chan(int<32>) _splmrg8;
chan(int<32>) a;
chan(int<1>) _splmrg21;
chan(int<3>) _splmrg24;
chan(int<2>) _splmrg26;
chan(int<32>) _splmrg45;
chan(int<2>) _splmrg44;
chan(int<32>) _splmrg37;
chan(int<1>) _splmrg30;
chan(int<5>) _splmrg1;
chan(int<3>) _splmrg14;
chan(int<3>) _splmrg41;
chan(int<32>) _splmrg36;
chan(int<5>) _splmrg3;
chan(int<32>) _splmrg38;
chan(int<2>) _splmrg4;
chan(int<1>) _splmrg22;
chan(int<1>) _splmrg49;
chan(int<1>) _splmrg48;
chan(int<1>) _splmrg31;
chan(int<3>) _splmrg13;
chan(int<32>) _splmrg47;
chan(int<32>) _splmrg46;
chan(int<1>) _splmrg39;
chan(int<3>) _splmrg9;
chan(int<5>) ctrl;
chan(int<5>) _splmrg0;
chan(int<3>) _splmrg23;
chan(int<3>) _splmrg42;
chan(int<3>) _splmrg11;
chan(int<3>) _splmrg34;
chan(int<3>) _splmrg33;
chan(int<32>) _splmrg29;
chan(int<5>) _splmrg2;
chan(int<32>) _splmrg17;
chan(int<3>) _splmrg25;
chan(int<3>) _splmrg43;
chan(int<32>) _splmrg5;
chan(int<32>) _splmrg19;
chan(int<32>) _splmrg7;
chan(int<3>) _splmrg15;
chan(int<2>) _splmrg16;
chan(int<32>) _splmrg18;

/* connections */
dataflow {
{_splmrg4} a -> _splmrg5, _splmrg6, _splmrg7, _splmrg8;
ctrl<0x6 ? 0x0 : ctrl<0xb ? 0x1 : ctrl<0x10 ? 0x2 : 0x3 -> _splmrg4;
{_splmrg4} ctrl -> _splmrg0, _splmrg1, _splmrg2, _splmrg3;
{_splmrg16} _splmrg5 -> _splmrg17, _splmrg18, _splmrg19;
int(_splmrg0-0x0,3) -> _splmrg9;
{_splmrg26} _splmrg6 -> _splmrg27, _splmrg28, _splmrg29;
int(_splmrg1-0x6,3) -> _splmrg10;
{_splmrg35} _splmrg7 -> _splmrg36, _splmrg37, _splmrg38;
int(_splmrg2-0xb,3) -> _splmrg11;
{_splmrg44} _splmrg8 -> _splmrg45, _splmrg46, _splmrg47;
int(_splmrg3-0x10,3) -> _splmrg12;
_splmrg9<0x2 ? 0x0 : _splmrg9<0x4 ? 0x1 : 0x2 -> _splmrg16;
{_splmrg16} _splmrg9 -> _splmrg13, _splmrg14, _splmrg15;
{_splmrg20} _splmrg17 -> x[0], x[1];
int(_splmrg13-0x0,1) -> _splmrg20;
{_splmrg21} _splmrg18 -> x[2], x[3];
int(_splmrg14-0x2,1) -> _splmrg21;
{_splmrg22} _splmrg19 -> x[4], x[5];
int(_splmrg15-0x4,1) -> _splmrg22;
_splmrg10<0x2 ? 0x0 : _splmrg10<0x4 ? 0x1 : 0x2 -> _splmrg26;
{_splmrg26} _splmrg10 -> _splmrg23, _splmrg24, _splmrg25;
{_splmrg30} _splmrg27 -> x[6], x[7];
int(_splmrg23-0x0,1) -> _splmrg30;
{_splmrg31} _splmrg28 -> x[8], x[9];
int(_splmrg24-0x2,1) -> _splmrg31;
_splmrg29 -> x[10];
_splmrg11<0x2 ? 0x0 : _splmrg11<0x4 ? 0x1 : 0x2 -> _splmrg35;
{_splmrg35} _splmrg11 -> _splmrg32, _splmrg33, _splmrg34;
{_splmrg39} _splmrg36 -> x[11], x[12];
int(_splmrg32-0x0,1) -> _splmrg39;
{_splmrg40} _splmrg37 -> x[13], x[14];
int(_splmrg33-0x2,1) -> _splmrg40;
_splmrg38 -> x[15];
_splmrg12<0x2 ? 0x0 : _splmrg12<0x4 ? 0x1 : 0x2 -> _splmrg44;
{_splmrg44} _splmrg12 -> _splmrg41, _splmrg42, _splmrg43;
{_splmrg48} _splmrg45 -> x[16], x[17];
int(_splmrg41-0x0,1) -> _splmrg48;
{_splmrg49} _splmrg46 -> x[18], x[19];
int(_splmrg42-0x2,1) -> _splmrg49;
_splmrg47 -> x[20]
}
}


/* instances */
test t;

/* connections */
