defproc test ();

defproc test ()
{

/* instances */
chan(int<32>) _splmrg6;
chan(int<32>) x[20];
chan(int<3>) _splmrg10;
chan(int<3>) _splmrg32;
chan(int<1>) _splmrg20;
chan(int<32>) _splmrg28;
chan(int<3>) _splmrg40;
chan(int<32>) _splmrg35;
chan(int<3>) _splmrg12;
chan(int<32>) _splmrg27;
chan(int<32>) _splmrg8;
chan(int<32>) a;
chan(int<1>) _splmrg21;
chan(int<3>) _splmrg24;
chan(int<32>) _splmrg26;
chan(int<32>) _splmrg45;
chan(int<32>) _splmrg44;
chan(int<32>) _splmrg37;
chan(int<1>) _splmrg30;
chan(int<5>) _splmrg1;
chan(int<3>) _splmrg14;
chan(int<3>) _splmrg41;
chan(int<32>) _splmrg36;
chan(int<5>) _splmrg3;
chan(int<1>) _splmrg38;
chan(int<2>) _splmrg4;
chan(int<3>) _splmrg22;
chan(int<1>) _splmrg48;
chan(int<3>) _splmrg31;
chan(int<3>) _splmrg13;
chan(int<1>) _splmrg47;
chan(int<32>) _splmrg46;
chan(int<1>) _splmrg39;
chan(int<3>) _splmrg9;
chan(int<5>) ctrl;
chan(int<5>) _splmrg0;
chan(int<3>) _splmrg23;
chan(int<3>) _splmrg42;
chan(int<3>) _splmrg11;
chan(int<2>) _splmrg34;
chan(int<3>) _splmrg33;
chan(int<5>) _splmrg2;
chan(int<32>) _splmrg17;
chan(int<2>) _splmrg25;
chan(int<1>) _splmrg29;
chan(int<2>) _splmrg43;
chan(int<32>) _splmrg5;
chan(int<32>) _splmrg19;
chan(int<32>) _splmrg7;
chan(int<3>) _splmrg15;
chan(int<2>) _splmrg16;
chan(int<32>) _splmrg18;

/* connections */
dataflow {
{_splmrg4} _splmrg5, _splmrg6, _splmrg7, _splmrg8 -> a;
ctrl<0x5 ? 0x0 : ctrl<0xa ? 0x1 : ctrl<0xf ? 0x2 : 0x3 -> _splmrg4;
{_splmrg4} ctrl -> _splmrg0, _splmrg1, _splmrg2, _splmrg3;
{_splmrg16} _splmrg17, _splmrg18, _splmrg19 -> _splmrg5;
int(_splmrg0-0x0,3) -> _splmrg9;
{_splmrg25} _splmrg26, _splmrg27, _splmrg28 -> _splmrg6;
int(_splmrg1-0x5,3) -> _splmrg10;
{_splmrg34} _splmrg35, _splmrg36, _splmrg37 -> _splmrg7;
int(_splmrg2-0xa,3) -> _splmrg11;
{_splmrg43} _splmrg44, _splmrg45, _splmrg46 -> _splmrg8;
int(_splmrg3-0xf,3) -> _splmrg12;
_splmrg9<0x2 ? 0x0 : _splmrg9<0x4 ? 0x1 : 0x2 -> _splmrg16;
{_splmrg16} _splmrg9 -> _splmrg13, _splmrg14, _splmrg15;
{_splmrg20} x[0], x[1] -> _splmrg17;
int(_splmrg13-0x0,1) -> _splmrg20;
{_splmrg21} x[2], x[3] -> _splmrg18;
int(_splmrg14-0x2,1) -> _splmrg21;
x[4] -> _splmrg19;
_splmrg10<0x2 ? 0x0 : _splmrg10<0x4 ? 0x1 : 0x2 -> _splmrg25;
{_splmrg25} _splmrg10 -> _splmrg22, _splmrg23, _splmrg24;
{_splmrg29} x[5], x[6] -> _splmrg26;
int(_splmrg22-0x0,1) -> _splmrg29;
{_splmrg30} x[7], x[8] -> _splmrg27;
int(_splmrg23-0x2,1) -> _splmrg30;
x[9] -> _splmrg28;
_splmrg11<0x2 ? 0x0 : _splmrg11<0x4 ? 0x1 : 0x2 -> _splmrg34;
{_splmrg34} _splmrg11 -> _splmrg31, _splmrg32, _splmrg33;
{_splmrg38} x[10], x[11] -> _splmrg35;
int(_splmrg31-0x0,1) -> _splmrg38;
{_splmrg39} x[12], x[13] -> _splmrg36;
int(_splmrg32-0x2,1) -> _splmrg39;
x[14] -> _splmrg37;
_splmrg12<0x2 ? 0x0 : _splmrg12<0x4 ? 0x1 : 0x2 -> _splmrg43;
{_splmrg43} _splmrg12 -> _splmrg40, _splmrg41, _splmrg42;
{_splmrg47} x[15], x[16] -> _splmrg44;
int(_splmrg40-0x0,1) -> _splmrg47;
{_splmrg48} x[17], x[18] -> _splmrg45;
int(_splmrg41-0x2,1) -> _splmrg48;
x[19] -> _splmrg46
}
}


/* instances */
test t;

/* connections */
