"a[1]"->"b"-
"a[0]"->"b"+
"f[0].a"->"f[0].b"-
"f[0].z[6].p"->"f[0].z[6].r"-
~("f[0].z[6].p")->"f[0].z[6].r"+
"f[0].z[6].q"&"f[0].z[6].p"->"f[0].z[6].r"+
"f[0].z[6].q"&"f[0].z[6].p"->"f[0].z[6].r"-
"f[0].z[7].p"->"f[0].z[7].r"-
~("f[0].z[7].p")->"f[0].z[7].r"+
"f[0].z[7].q"&"f[0].z[7].p"->"f[0].z[7].r"+
"f[0].z[7].q"&"f[0].z[7].p"->"f[0].z[7].r"-
"f[0].z[8].p"->"f[0].z[8].r"-
~("f[0].z[8].p")->"f[0].z[8].r"+
"f[0].z[8].q"&"f[0].z[8].p"->"f[0].z[8].r"+
"f[0].z[8].q"&"f[0].z[8].p"->"f[0].z[8].r"-
"f[1].a"->"f[1].b"-
"f[1].z[6].p"->"f[1].z[6].r"-
~("f[1].z[6].p")->"f[1].z[6].r"+
"f[1].z[6].q"&"f[1].z[6].p"->"f[1].z[6].r"+
"f[1].z[6].q"&"f[1].z[6].p"->"f[1].z[6].r"-
"f[1].z[7].p"->"f[1].z[7].r"-
~("f[1].z[7].p")->"f[1].z[7].r"+
"f[1].z[7].q"&"f[1].z[7].p"->"f[1].z[7].r"+
"f[1].z[7].q"&"f[1].z[7].p"->"f[1].z[7].r"-
"f[1].z[8].p"->"f[1].z[8].r"-
~("f[1].z[8].p")->"f[1].z[8].r"+
"f[1].z[8].q"&"f[1].z[8].p"->"f[1].z[8].r"+
"f[1].z[8].q"&"f[1].z[8].p"->"f[1].z[8].r"-
