= "g.x.d[0]" "g.x.f"
= "g.x.d[1]" "g.x.t"
= "f.x.d[0]" "f.x.f"
= "f.x.d[1]" "f.x.t"
= "f.x.a" "g.x.a"
= "f.x.f" "g.x.f"
= "f.x.d[0]" "g.x.d[0]"
= "f.x.d[1]" "g.x.d[1]"
= "f.x.t" "g.x.t"
