= "ff.p" "ff.r"
= "d" "f"
= "d" "e"
= "a" "ff.q"
= "a" "b"
