defproc testme (chan(int<32>) l; chan(int<32>) r);

defproc testme (chan(int<32>) l; chan(int<32>) r)
{

/* instances */
bool a;
int<32> x;

/* connections */
chp {
x:=0x5;*[true -> [~a|#l&l<=0x0 -> l?x;r!x]]
}
}


/* instances */
testme t;

/* connections */
