defproc test ();

defproc test ()
{

/* instances */
int<32> b;
int<32> a;
int<32> c;

/* connections */
chp {
a:=(c>>0x6)!=0x0 ? int(0x0,32) : int(b<<int(c,6),32)
}
}


/* instances */
test t;

/* connections */
