defproc test ();

defproc test ()
{

/* instances */

/* connections */
chp {
log(0x0000000000000000000000000000000010000000000000000);log(0x0000000000000000000000000000000010000000000000000)
}
}


/* instances */
test t;

/* connections */
