

/* instances */
int<32> b;
int<32> a;
int<32> c;

/* connections */
chp {
c:=int(a+b,32)+0x0;c:=int(a+b,32)-0x0;c:=int(0x0-a,32)+b;c:=int(a+0x0,32)-b;c:=0x0;c:=(a>>0x1)=0x0 ? int(a,1)>0x0 : true ? 0x0 : 0x1
}
