

/* instances */
int<32> b;
int<32> a;

/* connections */
chp {
a:=int((b^0x8000000000000000)-0x8000000000000000,32)
}
