In expanding ::<Global>
 id: f.a
FATAL: Missing array dereference for ``f''.
