/* instances */
bool b;
bool a;
bool c;
prs {
a<0>&b -> c-
a<1>&b -> c-
a<2>&b -> c-
a<3>&b -> c-
}
