ERROR: File `0.act', line 2, col 27
	Expressions in port parameter list can only use strict template parameters
