defproc test ();
function addone (int<32> x) : int<32>;

defproc test ()
{

/* instances */
int<32> fuse_1;
int<32> fuse_0;
int<32> farg_0;
int<32> y;
int<32> x;
int<32> floc_0;
int<32> fret_0;

/* connections */
chp {
farg_0:=int(y+0x1,32);floc_0:=0x0;*[bool((floc_0>>0x2)=0x0 ? int(int(floc_0,2)<0x2) : 0x0) -> fret_0:=farg_0+0x1;floc_0:=floc_0+0x1];fuse_0:=fret_0;farg_0:=int(fuse_0*0x4,32);floc_0:=0x0;*[bool((floc_0>>0x2)=0x0 ? int(int(floc_0,2)<0x2) : 0x0) -> fret_0:=farg_0+0x1;floc_0:=floc_0+0x1];fuse_1:=fret_0;x:=fuse_1
}
}

function addone (int<32> x) : int<32>
{

/* instances */
int<32> w;

/* connections */
chp {
w:=0x0;*[bool((w>>0x2)=0x0 ? int(int(w,2)<0x2) : 0x0) -> self:=x+0x1;w:=w+0x1]
}
}


/* instances */
test t;

/* connections */
