defproc test (chan(int<12>)! OUT);
function sign_extend (int<8> in) : int<12>;

defproc test (chan(int<12>)! OUT)
{

/* instances */
int<12> o;
int<8> c;

/* connections */
chp {
c:=0x8c;*[c>0x78 -> o:=int(int(int(c,8)>>0x7,1)=0x0 ? int(0x0,12)|int(c,8) : ((0x8>>0x4)!=0x0 ? int(0x0,12) : int(~int(0x0,12)<<int(0x8,4),12))|int(c,8),12);OUT!o]
}
}

function sign_extend (int<8> in) : int<12>
{

/* instances */
int<12> out;

/* connections */
chp {
out:=0x0;self:=in{0x7}=0x0 ? out|in : ((0x8>>0x4)!=0x0 ? int(0x0,12) : int(~out<<int(0x8,4),12))|in
}
}


/* instances */
test t;

/* connections */
