defproc test ();
function addone (int<32> x) : int<32>;

defproc test ()
{

/* instances */
int<32> y;
int<32> x;

/* connections */
chp {
x:=int(bool((int(y+0x1,0x20)>>0x2)=0x0 ? int(int(int(y+0x1,0x20),2)>0x3) : 0x1) ? int(int(y+0x1,0x20)+0x1,32) : int(int(y+0x1,0x20)+0x2,32),32)
}
}

function addone (int<32> x) : int<32>
{

/* instances */

/* connections */
chp {
[bool((x>>0x2)=0x0 ? int(int(x,2)>0x3) : 0x1) -> self:=x+0x1 [] else -> self:=x+0x2]
}
}


/* instances */
test t;

/* connections */
