defproc test ();
function addone (int<32> x) : mystruct;
deftype mystruct (int<32> a; bool b; int<32> c);

defproc test ()
{

/* instances */
int<32> y;
mystruct res;

/* connections */
chp {
res.a:=int((int(y+0x1,0x20)>>0x2)=0x0 ? int(int(y+0x1,0x20),2)>0x3 : true ? int(int(0x0,32)+0x1,32) : int(0x0,32),32);res.b:=(int(y+0x1,0x20)>>0x2)=0x0 ? int(int(y+0x1,0x20),2)>0x3 : true ? true : true;res.c:=int((int(y+0x1,0x20)>>0x2)=0x0 ? int(int(y+0x1,0x20),2)>0x3 : true ? int(0x1,32) : int(int(0x1,32)-0x1,32),32)
}
}

function addone (int<32> x) : mystruct
{

/* instances */
mystruct tmp;

/* connections */
chp {
tmp.a:=0x0;tmp.b:=true;tmp.c:=0x1;[(x>>0x2)=0x0 ? int(x,2)>0x3 : true -> tmp.a:=tmp.a+0x1 [] else -> tmp.c:=tmp.c-0x1];self:=tmp
}
}

deftype mystruct (int<32> a; bool b; int<32> c)
{

/* instances */

/* connections */
}


/* instances */
test t;

/* connections */
