Array concatenation requires arrays
 array expr: N#M[0][1]
   sub-expr: M[0][1] isn't an array
