namespace std {
export defproc ram_316_732_4 (chan(int<2>)? rd; chan(int<4>)? addr; chan(int<32>)? din; chan(int<32>)! dout);

export defproc ram_316_732_4 (chan(int<2>)? rd; chan(int<4>)? addr; chan(int<32>)? din; chan(int<32>)! dout)
{

/* instances */
int<4> a;
int<2> b;
int<32> m[16];

/* connections */
chp {
*[true -> addr?a,rd?b;[(b>>0x1)=0x0 ? int(b,1)=0x0 : false -> din?m[a] [] (b>>0x1)=0x0 ? int(b,1)=0x1 : false -> dout!m[a] [] (b>>0x2)=0x0 ? b=0x2 : false -> dout!m[a];din?m[a]]]
}
}


/* instances */

/* connections */
}
defproc test ();

defproc test ()
{

/* instances */
int<32> _memdatv3;
int<32> y;
int<32> x;
::std::ram_316_732_4 mem_m;
int<32> _memdatv2;
int<32> _memdatv1;

/* connections */
chp {
x:=0x0;mem_m.addr!x,mem_m.rd!1,mem_m.dout?_memdatv1;mem_m.addr!x,mem_m.rd!1,mem_m.dout?_memdatv2;[(_memdatv1>>0x1)=0x0 ? int(_memdatv2,1)>0x0 : true -> mem_m.addr!x,mem_m.rd!1,mem_m.dout?_memdatv1;mem_m.addr!4,mem_m.rd!1,mem_m.dout?_memdatv2;mem_m.addr!5,mem_m.rd!1,mem_m.dout?_memdatv3;_memdatv1:=int(_memdatv1+_memdatv2,32)+_memdatv3;mem_m.addr!y,mem_m.rd!0,mem_m.din!_memdatv1]
}
}


/* instances */
test t;

/* connections */
