namespace std {
export defproc ram_38_736_4 (chan(int<2>)? rd; chan(int<3>)? addr; chan(int<36>)? din; chan(int<36>)! dout);

export defproc ram_38_736_4 (chan(int<2>)? rd; chan(int<3>)? addr; chan(int<36>)? din; chan(int<36>)! dout)
{

/* instances */
int<3> a;
int<2> b;
int<36> m[8];

/* connections */
chp {
*[true -> addr?a,rd?b;[b=0x0 -> din?m[a] [] b=0x1 -> dout!m[a] [] b=0x2 -> dout!m[a];din?m[a]]]
}
}


/* instances */

/* connections */
}
defproc test ();
deftype mystruct (int<4> a; int<8> b[4]);

defproc test ()
{

/* instances */
mystruct y;
int<32> x;
::std::ram_38_736_4 mem_m;
mystruct _memdats1;
int<36> _memdatv1;

/* connections */
chp {
x:=0x0;_memdats1:=y;mem_m.addr!x,mem_m.rd!0,mem_m.din! {_memdats1.a,_memdats1.b[0],_memdats1.b[1],_memdats1.b[2],_memdats1.b[3]}
}
}

deftype mystruct (int<4> a; int<8> b[4])
{

/* instances */

/* connections */
}


/* instances */
test t;

/* connections */
