ERROR: File `15.act', line 3, col 27
	The identifier `x' does not exist in the current scope
